// Jest Snapshot v1, https://goo.gl/fbAQLP

exports[`<MainMenu_Home /> Home page renders correctly 1`] = `
<View>
  <div
    className="backgroundImage"
  >
    <div
      className="homeBox"
    >
      <h2
        className="MuiTypography-root homeTitle MuiTypography-h2"
      >
        What are you ..?
      </h2>
      <div
        className="homeButtons"
      >
        <button
          className="MuiButtonBase-root MuiButton-root MuiButton-outlined largeButton MuiButton-outlinedPrimary MuiButton-outlinedSizeLarge MuiButton-sizeLarge"
          disabled={false}
          onBlur={[Function]}
          onClick={[Function]}
          onDragLeave={[Function]}
          onFocus={[Function]}
          onKeyDown={[Function]}
          onKeyUp={[Function]}
          onMouseDown={[Function]}
          onMouseLeave={[Function]}
          onMouseUp={[Function]}
          onTouchEnd={[Function]}
          onTouchMove={[Function]}
          onTouchStart={[Function]}
          tabIndex={0}
          type="button"
        >
          <span
            className="MuiButton-label"
          >
            <h4
              className="MuiTypography-root makeStyles-buttonText-2 MuiTypography-h4"
            >
              Player
            </h4>
          </span>
        </button>
        <button
          className="MuiButtonBase-root MuiButton-root MuiButton-outlined largeButton MuiButton-outlinedPrimary MuiButton-outlinedSizeLarge MuiButton-sizeLarge"
          disabled={false}
          onBlur={[Function]}
          onClick={[Function]}
          onDragLeave={[Function]}
          onFocus={[Function]}
          onKeyDown={[Function]}
          onKeyUp={[Function]}
          onMouseDown={[Function]}
          onMouseLeave={[Function]}
          onMouseUp={[Function]}
          onTouchEnd={[Function]}
          onTouchMove={[Function]}
          onTouchStart={[Function]}
          tabIndex={0}
          type="button"
        >
          <span
            className="MuiButton-label"
          >
            <h4
              className="MuiTypography-root makeStyles-buttonText-2 MuiTypography-h4"
            >
              Dungeon Master
            </h4>
          </span>
        </button>
      </div>
    </div>
  </div>
</View>
`;
